// Jest Snapshot v1, https://goo.gl/fbAQLP

exports[`GetStartedPage renders correctly 1`] = `
<View
  style={
    {
      "alignItems": "center",
      "backgroundColor": "#f9fafb",
      "display": "flex",
      "flex": 1,
      "flexDirection": "column",
      "gap": 36,
      "justifyContent": "center",
      "paddingHorizontal": 16,
    }
  }
  testID="center-layout"
>
  <View
    style={
      {
        "backgroundColor": "#e5e7eb",
        "borderRadius": 4,
        "height": 110,
        "width": 110,
      }
    }
    testID="image-skeleton"
  />
  <View
    style={
      {
        "alignItems": "center",
        "display": "flex",
      }
    }
    testID="center-layout-items"
  >
    <Text
      accessibilityRole="text"
      style={
        {
          "color": "#242424",
          "fontSize": 28.285714285714285,
        }
      }
    >
      Splash Screen
    </Text>
  </View>
  <Text
    accessibilityRole="text"
    style={
      {
        "color": "#242424",
      }
    }
  >
    Welcome
  </Text>
</View>
`;
