// Jest Snapshot v1, https://goo.gl/fbAQLP

exports[`FormPage component should render component correctly 1`] = `
<View
  style={
    {
      "backgroundColor": "#f9fafb",
      "flex": 1,
      "flexDirection": "column",
      "flexWrap": "wrap",
    }
  }
  testID="stack-container"
>
  <RCTScrollView>
    <View>
      <View
        style={
          {
            "backgroundColor": "#f9fafb",
            "flex": 1,
            "flexDirection": "row",
            "flexWrap": "wrap",
          }
        }
        testID="stack-container"
      >
        <View
          style={
            {
              "flex": 1,
            }
          }
        />
      </View>
    </View>
  </RCTScrollView>
  <View>
    <View
      accessibilityRole="tablist"
      onLayout={[Function]}
      style={
        [
          false,
          {
            "flexDirection": "row",
            "position": "relative",
          },
          undefined,
        ]
      }
    >
      <View
        style={
          [
            {
              "overflow": "hidden",
            },
            {
              "borderRadius": 2,
            },
            [
              {
                "borderRadius": 0,
                "flex": 1,
              },
              false,
              undefined,
            ],
            false,
          ]
        }
        testID="RNE_BUTTON_WRAPPER"
      >
        <View
          accessibilityRole="tab"
          accessibilityState={
            {
              "busy": undefined,
              "checked": undefined,
              "disabled": false,
              "expanded": undefined,
              "selected": true,
            }
          }
          accessibilityValue={
            {
              "max": undefined,
              "min": undefined,
              "now": undefined,
              "text": "Back",
            }
          }
          accessible={true}
          collapsable={false}
          focusable={true}
          onClick={[Function]}
          onLayout={[Function]}
          onResponderGrant={[Function]}
          onResponderMove={[Function]}
          onResponderRelease={[Function]}
          onResponderTerminate={[Function]}
          onResponderTerminationRequest={[Function]}
          onStartShouldSetResponder={[Function]}
          style={
            {
              "opacity": 1,
            }
          }
          testID="form-nav-btn-back"
        >
          <View
            style={
              {
                "alignItems": "center",
                "backgroundColor": "transparent",
                "borderBottomWidth": 0,
                "borderColor": "#2089dc",
                "borderRadius": 0,
                "borderTopColor": "grey",
                "borderTopWidth": 0.5,
                "borderWidth": 0,
                "flexDirection": "row",
                "justifyContent": "center",
                "padding": 8,
                "paddingHorizontal": 10,
              }
            }
          >
            <View
              style={
                {
                  "marginHorizontal": 5,
                  "overflow": "hidden",
                  "paddingBottom": 10,
                  "paddingTop": 9,
                }
              }
              testID="RNE__ICON__CONTAINER"
            >
              <View
                accessibilityRole="button"
                android_ripple={
                  {
                    "borderless": false,
                    "color": "rgba(0, 0, 0, 0.3)",
                    "radius": -5,
                  }
                }
                disabled={false}
                testID="RNE__ICON__CONTAINER_ACTION"
              >
                <View
                  style={
                    {
                      "alignItems": "center",
                      "backgroundColor": "transparent",
                      "justifyContent": "center",
                    }
                  }
                  testID="RNE__ICON"
                >
                  <Text />
                </View>
              </View>
            </View>
            <Text
              style={
                {
                  "color": "grey",
                  "fontSize": 14,
                  "fontWeight": "normal",
                  "marginLeft": -10,
                  "marginRight": -10,
                  "paddingBottom": 10,
                  "paddingHorizontal": 16,
                  "paddingTop": 9,
                  "paddingVertical": 2,
                  "textAlign": "center",
                }
              }
            >
              Back
            </Text>
          </View>
        </View>
      </View>
      <View
        style={
          [
            {
              "overflow": "hidden",
            },
            {
              "borderRadius": 2,
            },
            [
              {
                "borderRadius": 0,
                "flex": 1,
              },
              false,
              undefined,
            ],
            false,
          ]
        }
        testID="RNE_BUTTON_WRAPPER"
      >
        <View
          accessibilityRole="tab"
          accessibilityState={
            {
              "busy": undefined,
              "checked": undefined,
              "disabled": false,
              "expanded": undefined,
              "selected": false,
            }
          }
          accessibilityValue={
            {
              "max": undefined,
              "min": undefined,
              "now": undefined,
              "text": "1/2",
            }
          }
          accessible={true}
          collapsable={false}
          focusable={true}
          onClick={[Function]}
          onLayout={[Function]}
          onResponderGrant={[Function]}
          onResponderMove={[Function]}
          onResponderRelease={[Function]}
          onResponderTerminate={[Function]}
          onResponderTerminationRequest={[Function]}
          onStartShouldSetResponder={[Function]}
          style={
            {
              "opacity": 1,
            }
          }
          testID="form-nav-group-count"
        >
          <View
            style={
              {
                "alignItems": "center",
                "backgroundColor": "transparent",
                "borderBottomWidth": 0,
                "borderColor": "#2089dc",
                "borderRadius": 0,
                "borderTopColor": "grey",
                "borderTopWidth": 0.5,
                "borderWidth": 0,
                "flexDirection": "column",
                "justifyContent": "center",
                "padding": 8,
                "paddingHorizontal": 10,
              }
            }
          >
            <Text
              style={
                {
                  "color": "grey",
                  "fontSize": 14,
                  "fontWeight": "normal",
                  "marginLeft": -10,
                  "marginRight": -10,
                  "paddingBottom": 10,
                  "paddingHorizontal": 16,
                  "paddingTop": 13,
                  "paddingVertical": 8,
                  "textAlign": "center",
                }
              }
            >
              1/2
            </Text>
          </View>
        </View>
      </View>
      <View
        style={
          [
            {
              "overflow": "hidden",
            },
            {
              "borderRadius": 2,
            },
            [
              {
                "borderRadius": 0,
                "flex": 1,
              },
              false,
              undefined,
            ],
            false,
          ]
        }
        testID="RNE_BUTTON_WRAPPER"
      >
        <View
          accessibilityRole="tab"
          accessibilityState={
            {
              "busy": undefined,
              "checked": undefined,
              "disabled": false,
              "expanded": undefined,
              "selected": false,
            }
          }
          accessibilityValue={
            {
              "max": undefined,
              "min": undefined,
              "now": undefined,
              "text": "Next",
            }
          }
          accessible={true}
          collapsable={false}
          focusable={true}
          onClick={[Function]}
          onLayout={[Function]}
          onResponderGrant={[Function]}
          onResponderMove={[Function]}
          onResponderRelease={[Function]}
          onResponderTerminate={[Function]}
          onResponderTerminationRequest={[Function]}
          onStartShouldSetResponder={[Function]}
          style={
            {
              "opacity": 1,
            }
          }
          testID="form-nav-btn-next"
        >
          <View
            style={
              {
                "alignItems": "center",
                "backgroundColor": "transparent",
                "borderBottomWidth": 0,
                "borderColor": "#2089dc",
                "borderRadius": 0,
                "borderTopColor": "grey",
                "borderTopWidth": 0.5,
                "borderWidth": 0,
                "flexDirection": "row-reverse",
                "justifyContent": "center",
                "padding": 8,
                "paddingHorizontal": 10,
              }
            }
          >
            <View
              style={
                {
                  "marginHorizontal": 5,
                  "overflow": "hidden",
                  "paddingBottom": 10,
                  "paddingTop": 9,
                }
              }
              testID="RNE__ICON__CONTAINER"
            >
              <View
                accessibilityRole="button"
                android_ripple={
                  {
                    "borderless": false,
                    "color": "rgba(0, 0, 0, 0.3)",
                    "radius": -5,
                  }
                }
                disabled={false}
                testID="RNE__ICON__CONTAINER_ACTION"
              >
                <View
                  style={
                    {
                      "alignItems": "center",
                      "backgroundColor": "transparent",
                      "justifyContent": "center",
                    }
                  }
                  testID="RNE__ICON"
                >
                  <Text />
                </View>
              </View>
            </View>
            <Text
              style={
                {
                  "color": "grey",
                  "fontSize": 14,
                  "fontWeight": "normal",
                  "marginLeft": -10,
                  "marginRight": -10,
                  "paddingBottom": 10,
                  "paddingHorizontal": 16,
                  "paddingTop": 9,
                  "paddingVertical": 2,
                  "textAlign": "center",
                }
              }
            >
              Next
            </Text>
          </View>
        </View>
      </View>
    </View>
  </View>
</View>
`;
